<html>
<body>
<pre>
<h1>µVision Build Log</h1>
<h2>Project:</h2>
D:\Git\Hardware-project\project_lpc2129.uvproj
Project File Date:  10/30/2023

<h2>Output:</h2>
compiling main.c...
lcd_header.h(2): error:  #5: cannot open source input file "uart.h": No such file or directory
main.c - 1 Error(s), 0 Warning(s).
compiling main.c...
lcd_header.h(15): warning:  #1-D: last line of file ends without a newline
lcd_fun.c(55): warning:  #1-D: last line of file ends without a newline
main.c(52): warning:  #223-D: function "uart_config" declared implicitly
main.c(506): warning:  #1-D: last line of file ends without a newline
main.c(506): warning:  #940-D: missing return statement at end of non-void function "key_map"
main.c - 0 Error(s), 5 Warning(s).
Build target 'Target 1'
assembling Startup.s...
linking...
project_lpc2129.axf: Error: L6218E: Undefined symbol uart_config (referred from main.o).
Target not created
compiling main.c...
lcd_header.h(15): warning:  #1-D: last line of file ends without a newline
lcd_fun.c(55): warning:  #1-D: last line of file ends without a newline
main.c(506): warning:  #1-D: last line of file ends without a newline
main.c(506): warning:  #940-D: missing return statement at end of non-void function "key_map"
main.c - 0 Error(s), 4 Warning(s).
Build target 'Target 1'
linking...
Program Size: Code=4016 RO-data=32 RW-data=32 ZI-data=1256  
FromELF: creating hex file...
"project_lpc2129.axf" - 0 Error(s), 0 Warning(s).
